// Jest Snapshot v1, https://goo.gl/fbAQLP

exports[`<BlogArticleMeta /> should render with default values 1`] = `
.c3 {
  text-transform: none;
}

.c5 a {
  font-weight: 600;
  transition: all 200ms ease-in-out;
  margin-right: 1rem;
}

.c5 a:hover {
  filter: brightness(1.4);
}

.c5 a::before {
  content: '#';
}

.c5 a:not(:last-of-type)::after {
  content: ',';
}

.c7 {
  display: flex;
  align-content: center;
  gap: 1rem;
}

.c7 svg {
  width: 2rem;
}

.c8 {
  display: flex;
  align-items: end;
  font-weight: 600;
}

.c0 {
  width: 100%;
  max-width: 134rem;
  margin: auto;
  display: flex;
  align-items: center;
  flex-direction: column;
  gap: 4rem;
  padding: 0 2rem;
}

.c0>span>a {
  font-weight: bold;
  transition: all 200ms ease-in-out;
  margin-left: 1rem;
}

.c0>span>a:hover {
  text-decoration: underline;
}

.c0 .c2 {
  width: 100%;
  max-width: 80rem;
  text-align: center;
}

.c1 {
  position: relative;
  width: 100%;
  height: 50rem;
  border-radius: 1rem;
  overflow: hidden;
}

.c1 img {
  width: 100%;
  height: 100%;
  object-fit: cover;
}

.c4 {
  width: 100%;
  max-width: 80rem;
  display: flex;
  align-items: center;
  justify-content: space-between;
}

.c6 {
  display: flex;
  align-items: end;
  justify-content: center;
  gap: 3rem;
}

@media screen and (max-width: 768px) {
  .c1 {
    height: 40rem;
  }
}

@media screen and (max-width: 576px) {
  .c1 {
    height: 30rem;
  }
}

@media screen and (max-width: 576px) {
  .c4 {
    flex-direction: column;
  }
}

<div>
  <div
    class="c0"
  >
    <div
      class="c1"
    >
      <img
        alt="medium_pexels-lina-kivaka-14557287.jpg"
        data-nimg="fill"
        decoding="async"
        fetchpriority="high"
        sizes="100vw"
        src="/_next/image?url=https%3A%2F%2Fres.cloudinary.com%2Fdnhsdenji%2Fimage%2Fupload%2Fv1694225572%2Fmedium_pexels_lina_kivaka_14557287_039aa5b29b.jpg&w=3840&q=75"
        srcset="/_next/image?url=https%3A%2F%2Fres.cloudinary.com%2Fdnhsdenji%2Fimage%2Fupload%2Fv1694225572%2Fmedium_pexels_lina_kivaka_14557287_039aa5b29b.jpg&w=640&q=75 640w, /_next/image?url=https%3A%2F%2Fres.cloudinary.com%2Fdnhsdenji%2Fimage%2Fupload%2Fv1694225572%2Fmedium_pexels_lina_kivaka_14557287_039aa5b29b.jpg&w=750&q=75 750w, /_next/image?url=https%3A%2F%2Fres.cloudinary.com%2Fdnhsdenji%2Fimage%2Fupload%2Fv1694225572%2Fmedium_pexels_lina_kivaka_14557287_039aa5b29b.jpg&w=828&q=75 828w, /_next/image?url=https%3A%2F%2Fres.cloudinary.com%2Fdnhsdenji%2Fimage%2Fupload%2Fv1694225572%2Fmedium_pexels_lina_kivaka_14557287_039aa5b29b.jpg&w=1080&q=75 1080w, /_next/image?url=https%3A%2F%2Fres.cloudinary.com%2Fdnhsdenji%2Fimage%2Fupload%2Fv1694225572%2Fmedium_pexels_lina_kivaka_14557287_039aa5b29b.jpg&w=1200&q=75 1200w, /_next/image?url=https%3A%2F%2Fres.cloudinary.com%2Fdnhsdenji%2Fimage%2Fupload%2Fv1694225572%2Fmedium_pexels_lina_kivaka_14557287_039aa5b29b.jpg&w=1920&q=75 1920w, /_next/image?url=https%3A%2F%2Fres.cloudinary.com%2Fdnhsdenji%2Fimage%2Fupload%2Fv1694225572%2Fmedium_pexels_lina_kivaka_14557287_039aa5b29b.jpg&w=2048&q=75 2048w, /_next/image?url=https%3A%2F%2Fres.cloudinary.com%2Fdnhsdenji%2Fimage%2Fupload%2Fv1694225572%2Fmedium_pexels_lina_kivaka_14557287_039aa5b29b.jpg&w=3840&q=75 3840w"
        style="position: absolute; height: 100%; width: 100%; left: 0px; top: 0px; right: 0px; bottom: 0px; color: transparent;"
      />
    </div>
    <span>
      Fonte:
      <a
        href="https://unsplash.com/pt-br"
        target="_blank"
      >
        Unsplash
      </a>
    </span>
    <h1
      class="c2 c3"
    >
      Desenvolvimento de APIs e CMS Flex√≠veis e Eficient
    </h1>
    <div
      class="c4"
    >
      <div
        class="c5"
      >
        <a
          href="/category/strapi"
          style="color: rgb(30, 58, 138);"
        >
          Strapi
        </a>
        <a
          href="/category/node"
          style="color: rgb(16, 185, 129);"
        >
          Node
        </a>
      </div>
      <div
        class="c6"
      >
        8 de set. de 2023
        <div
          class="c7"
        >
          <span
            class="c8"
          >
            <svg
              class="icon icon-tabler icon-tabler-clock-filled"
              fill="none"
              stroke="currentColor"
              stroke-linecap="round"
              stroke-linejoin="round"
              stroke-width="1.5"
              viewBox="0 0 24 24"
              xmlns="http://www.w3.org/2000/svg"
            >
              <path
                d="M0 0h24v24H0z"
                fill="none"
                stroke="none"
              />
              <path
                d="M17 3.34a10 10 0 1 1 -14.995 8.984l-.005 -.324l.005 -.324a10 10 0 0 1 14.995 -8.336zm-5 2.66a1 1 0 0 0 -.993 .883l-.007 .117v5l.009 .131a1 1 0 0 0 .197 .477l.087 .1l3 3l.094 .082a1 1 0 0 0 1.226 0l.094 -.083l.083 -.094a1 1 0 0 0 0 -1.226l-.083 -.094l-2.707 -2.708v-4.585l-.007 -.117a1 1 0 0 0 -.993 -.883z"
                fill="currentColor"
                stroke-width="0"
              />
            </svg>
          </span>
          <span
            class="c8"
          >
            3 minutos de leitura
          </span>
        </div>
      </div>
    </div>
  </div>
</div>
`;
