// Jest Snapshot v1, https://goo.gl/fbAQLP

exports[`<Button /> should render a snapshot 1`] = `
.c0 {
  background-color: #383fef;
  color: #f5f5f5;
  outline: none;
  border: none;
  padding: 2rem 4rem;
  font-size: 1.4rem;
  font-weight: bold;
  transition: all 200ms ease-in-out;
  cursor: pointer;
}

.c0:disabled {
  background-color: #737373;
  pointer-events: none;
}

.c0:hover {
  background-color: #232ae1;
}

.c0:active {
  background-color: #00046c;
}

<div>
  <button
    class="c0"
    disabled=""
  >
    test
  </button>
</div>
`;
