// Jest Snapshot v1, https://goo.gl/fbAQLP

exports[`<PostCard /> should render a snapshot 1`] = `
.c5 a {
  font-weight: 600;
  transition: all 200ms ease-in-out;
  margin-right: 1rem;
}

.c5 a:hover {
  filter: brightness(1.4);
}

.c5 a::before {
  content: '#';
}

.c5 a:not(:last-of-type)::after {
  content: ',';
}

.c4 {
  text-transform: none;
}

.c8 {
  display: flex;
  align-content: center;
  gap: 1rem;
}

.c8 svg {
  width: 2rem;
}

.c9 {
  display: flex;
  align-items: end;
  font-weight: 600;
}

.c0 {
  display: flex;
  align-items: center;
  flex-direction: column;
  padding: 3rem 2rem;
}

.c0>a {
  width: 100%;
  height: 20rem;
  margin-bottom: 2rem;
}

.c1 {
  position: relative;
  width: 100%;
  height: 100%;
  margin-bottom: 2rem;
}

.c1 img {
  object-fit: cover;
  border-radius: 1rem;
}

.c2 {
  display: flex;
  flex-direction: column;
  gap: 2rem;
}

.c2>a {
  transition: all 200ms ease-in-out;
}

.c2>a:hover {
  text-decoration: underline;
  filter: invert(.2);
}

.c3 {
  overflow: hidden;
  display: -webkit-box;
  -webkit-box-orient: vertical;
  -webkit-line-clamp: 2;
}

.c6 {
  margin: 0.5rem 0;
  overflow: hidden;
  display: -webkit-box;
  -webkit-box-orient: vertical;
  -webkit-line-clamp: 4;
}

.c7 {
  display: flex;
  align-items: center;
  justify-content: space-between;
}

<div>
  <div
    class="c0"
  >
    <a
      href="/post/desenvolvimento-de-ap-is-e-cms-flexiveis-e-eficient"
    >
      <div
        class="c1"
      >
        <img
          alt="small_pexels-lina-kivaka-14557287.jpg"
          data-nimg="fill"
          decoding="async"
          loading="lazy"
          sizes="320px"
          src="/_next/image?url=https%3A%2F%2Fres.cloudinary.com%2Fdnhsdenji%2Fimage%2Fupload%2Fv1694225572%2Fsmall_pexels_lina_kivaka_14557287_039aa5b29b.jpg&w=3840&q=75"
          srcset="/_next/image?url=https%3A%2F%2Fres.cloudinary.com%2Fdnhsdenji%2Fimage%2Fupload%2Fv1694225572%2Fsmall_pexels_lina_kivaka_14557287_039aa5b29b.jpg&w=16&q=75 16w, /_next/image?url=https%3A%2F%2Fres.cloudinary.com%2Fdnhsdenji%2Fimage%2Fupload%2Fv1694225572%2Fsmall_pexels_lina_kivaka_14557287_039aa5b29b.jpg&w=32&q=75 32w, /_next/image?url=https%3A%2F%2Fres.cloudinary.com%2Fdnhsdenji%2Fimage%2Fupload%2Fv1694225572%2Fsmall_pexels_lina_kivaka_14557287_039aa5b29b.jpg&w=48&q=75 48w, /_next/image?url=https%3A%2F%2Fres.cloudinary.com%2Fdnhsdenji%2Fimage%2Fupload%2Fv1694225572%2Fsmall_pexels_lina_kivaka_14557287_039aa5b29b.jpg&w=64&q=75 64w, /_next/image?url=https%3A%2F%2Fres.cloudinary.com%2Fdnhsdenji%2Fimage%2Fupload%2Fv1694225572%2Fsmall_pexels_lina_kivaka_14557287_039aa5b29b.jpg&w=96&q=75 96w, /_next/image?url=https%3A%2F%2Fres.cloudinary.com%2Fdnhsdenji%2Fimage%2Fupload%2Fv1694225572%2Fsmall_pexels_lina_kivaka_14557287_039aa5b29b.jpg&w=128&q=75 128w, /_next/image?url=https%3A%2F%2Fres.cloudinary.com%2Fdnhsdenji%2Fimage%2Fupload%2Fv1694225572%2Fsmall_pexels_lina_kivaka_14557287_039aa5b29b.jpg&w=256&q=75 256w, /_next/image?url=https%3A%2F%2Fres.cloudinary.com%2Fdnhsdenji%2Fimage%2Fupload%2Fv1694225572%2Fsmall_pexels_lina_kivaka_14557287_039aa5b29b.jpg&w=384&q=75 384w, /_next/image?url=https%3A%2F%2Fres.cloudinary.com%2Fdnhsdenji%2Fimage%2Fupload%2Fv1694225572%2Fsmall_pexels_lina_kivaka_14557287_039aa5b29b.jpg&w=640&q=75 640w, /_next/image?url=https%3A%2F%2Fres.cloudinary.com%2Fdnhsdenji%2Fimage%2Fupload%2Fv1694225572%2Fsmall_pexels_lina_kivaka_14557287_039aa5b29b.jpg&w=750&q=75 750w, /_next/image?url=https%3A%2F%2Fres.cloudinary.com%2Fdnhsdenji%2Fimage%2Fupload%2Fv1694225572%2Fsmall_pexels_lina_kivaka_14557287_039aa5b29b.jpg&w=828&q=75 828w, /_next/image?url=https%3A%2F%2Fres.cloudinary.com%2Fdnhsdenji%2Fimage%2Fupload%2Fv1694225572%2Fsmall_pexels_lina_kivaka_14557287_039aa5b29b.jpg&w=1080&q=75 1080w, /_next/image?url=https%3A%2F%2Fres.cloudinary.com%2Fdnhsdenji%2Fimage%2Fupload%2Fv1694225572%2Fsmall_pexels_lina_kivaka_14557287_039aa5b29b.jpg&w=1200&q=75 1200w, /_next/image?url=https%3A%2F%2Fres.cloudinary.com%2Fdnhsdenji%2Fimage%2Fupload%2Fv1694225572%2Fsmall_pexels_lina_kivaka_14557287_039aa5b29b.jpg&w=1920&q=75 1920w, /_next/image?url=https%3A%2F%2Fres.cloudinary.com%2Fdnhsdenji%2Fimage%2Fupload%2Fv1694225572%2Fsmall_pexels_lina_kivaka_14557287_039aa5b29b.jpg&w=2048&q=75 2048w, /_next/image?url=https%3A%2F%2Fres.cloudinary.com%2Fdnhsdenji%2Fimage%2Fupload%2Fv1694225572%2Fsmall_pexels_lina_kivaka_14557287_039aa5b29b.jpg&w=3840&q=75 3840w"
          style="position: absolute; height: 100%; width: 100%; left: 0px; top: 0px; right: 0px; bottom: 0px; color: transparent;"
        />
      </div>
    </a>
    <div
      class="c2"
    >
      <a
        href="/post/desenvolvimento-de-ap-is-e-cms-flexiveis-e-eficient"
      >
        <h2
          class="c3 c4"
        >
          Desenvolvimento de APIs e CMS Flexíveis e Eficient
        </h2>
      </a>
      <div
        class="c5"
      >
        <a
          href="/category/strapi"
          style="color: rgb(30, 58, 138);"
        >
          Strapi
        </a>
        <a
          href="/category/node"
          style="color: rgb(16, 185, 129);"
        >
          Node
        </a>
      </div>
      <p
        class="c6"
      >
        Strapi é um sistema de gerenciamento de conteúdo (CMS) e framework de desenvolvimento de APIs de código aberto. Ele oferece uma interface amigável para criar e gerenciar conteúdo, além de permitir que os desenvolvedores criem APIs personalizadas para suas aplicações.
      </p>
      <div
        class="c7"
      >
        <div
          class="c8"
        >
          <span
            class="c9"
          >
            <svg
              class="icon icon-tabler icon-tabler-clock-filled"
              fill="none"
              stroke="currentColor"
              stroke-linecap="round"
              stroke-linejoin="round"
              stroke-width="1.5"
              viewBox="0 0 24 24"
              xmlns="http://www.w3.org/2000/svg"
            >
              <path
                d="M0 0h24v24H0z"
                fill="none"
                stroke="none"
              />
              <path
                d="M17 3.34a10 10 0 1 1 -14.995 8.984l-.005 -.324l.005 -.324a10 10 0 0 1 14.995 -8.336zm-5 2.66a1 1 0 0 0 -.993 .883l-.007 .117v5l.009 .131a1 1 0 0 0 .197 .477l.087 .1l3 3l.094 .082a1 1 0 0 0 1.226 0l.094 -.083l.083 -.094a1 1 0 0 0 0 -1.226l-.083 -.094l-2.707 -2.708v-4.585l-.007 -.117a1 1 0 0 0 -.993 -.883z"
                fill="currentColor"
                stroke-width="0"
              />
            </svg>
          </span>
          <span
            class="c9"
          >
            3 minutos de leitura
          </span>
        </div>
        <span
          class=""
        >
          8 de set. de 2023
        </span>
      </div>
    </div>
  </div>
</div>
`;
