// Jest Snapshot v1, https://goo.gl/fbAQLP

exports[`<CommingSoon /> should render a snapshot 1`] = `
.c0 {
  height: calc(100vh - 182px - 130px);
  display: flex;
  align-items: center;
  justify-content: center;
}

<div>
  <div
    class="c0"
  >
    <h1>
      Em Breve !
    </h1>
  </div>
</div>
`;
