// Jest Snapshot v1, https://goo.gl/fbAQLP

exports[`<PostNotFound /> should render a snapshot 1`] = `
.c1 {
  text-transform: none;
}

.c0 {
  width: 100%;
  display: flex;
  height: 54.6rem;
  align-items: center;
  justify-content: center;
}

@media screen and (max-width: 576px) {
  .c0 {
    height: 40rem;
  }
}

<div>
  <div
    class="c0"
  >
    <h1
      class="c1"
    >
      Post n√£o encontrado !
    </h1>
  </div>
</div>
`;
