// Jest Snapshot v1, https://goo.gl/fbAQLP

exports[`Error404 should render a snapshot 1`] = `
.c0 {
  height: 100vh;
  display: flex;
  flex-direction: column;
  align-items: center;
  justify-content: center;
  background: #e5e5e5;
}

.c0 a {
  font-size: 2rem;
  text-decoration: underline;
}

.c1 {
  font-size: 10rem;
  text-shadow: red -2px 0,cyan 2px 0;
  animation: skew-x-shakeng 1s ease infinite;
}

.c2 {
  font-size: 3rem;
  text-shadow: red -1px 0,cyan 1px 0;
  margin-bottom: 3rem;
}

<div>
  <div
    class="c0"
  >
    <h2
      class="c1"
    >
      Erro 404
    </h2>
    <h2
      class="c2"
    >
      Página não encontrada !
    </h2>
    <a
      href="/"
    >
      Voltar para a home
    </a>
  </div>
</div>
`;
