// Jest Snapshot v1, https://goo.gl/fbAQLP

exports[`<About /> should render a snapshot 1`] = `
.c2 {
  text-transform: none;
}

.c5 {
  display: flex;
  align-items: center;
  justify-content: center;
  gap: 2rem;
  padding: 0 2rem;
}

.c5>img {
  margin-bottom: 4rem;
  overflow: hidden;
}

.c5>img:hover {
  cursor: zoom-in;
}

.c0 {
  width: 100%;
  max-width: 80rem;
  margin: 0 auto;
  padding: 0 2rem;
  display: flex;
  align-items: center;
  justify-content: center;
  flex-direction: column;
  gap: 4rem;
}

.c0 .c1 {
  font-size: 6.4rem;
}

.c3 {
  font-size: 2.4rem;
}

.c3::first-letter {
  font-size: 4rem;
  font-weight: bold;
}

.c4>img {
  width: 35rem;
  height: 35rem;
  overflow: hidden;
  border-radius: 2rem;
  object-fit: cover;
}

<div>
  <div
    class="c0"
  >
    <h1
      class="c1 c2"
    >
      Sobre mim
    </h1>
    <p
      class="c3"
    >
      Olá, sou um entusiasta do desenvolvimento front-end, dedicado a dar vida a experiências digitais que são uma fusão de beleza, funcionalidade e acessibilidade. Para mim, a jornada diária é uma emocionante viagem de aprendizado contínuo, onde o código é minha tela em branco e a vasta web é meu playground criativo.

Minha maior bênção na vida é ser pai de uma incrível menininha que me inspira a superar meus limites a cada novo amanhecer. Ela é minha fonte inesgotável de motivação para me tornar a melhor versão de mim mesmo, tanto profissional quanto pessoalmente.
    </p>
    <div
      class="c4"
    >
      <img
        alt="110628201.jpeg"
        data-nimg="1"
        decoding="async"
        height="460"
        loading="lazy"
        src="/_next/image?url=https%3A%2F%2Fres.cloudinary.com%2Fdnhsdenji%2Fimage%2Fupload%2Fv1694217416%2F110628201_8f98b88d6a.jpg&w=1080&q=75"
        srcset="/_next/image?url=https%3A%2F%2Fres.cloudinary.com%2Fdnhsdenji%2Fimage%2Fupload%2Fv1694217416%2F110628201_8f98b88d6a.jpg&w=640&q=75 1x, /_next/image?url=https%3A%2F%2Fres.cloudinary.com%2Fdnhsdenji%2Fimage%2Fupload%2Fv1694217416%2F110628201_8f98b88d6a.jpg&w=1080&q=75 2x"
        style="color: transparent;"
        width="460"
      />
    </div>
    <p
      class="c3"
    >
      Quando não estou imerso em transformar ideias em experiências digitais, você provavelmente me encontrará envolto em um mundo de ilustrações e rabiscos. Essa é minha válvula de escape criativa, onde as cores e formas fluem livremente, permitindo que minha mente explore novos horizontes.

Convido você a se juntar a mim nesta emocionante aventura em busca da excelência na criação digital. Juntos, podemos desvendar os mistérios do design e do desenvolvimento, explorando as infinitas possibilidades que o mundo digital oferece. Vamos criar algo incrível e deixar nossa marca na vastidão da internet! 
    </p>
    <div
      class="c5"
    >
      <img
        alt="thumbnail_07.jpg"
        data-nimg="1"
        decoding="async"
        height="156"
        loading="lazy"
        src="/_next/image?url=https%3A%2F%2Fres.cloudinary.com%2Fdnhsdenji%2Fimage%2Fupload%2Fv1695300319%2Fthumbnail_07_6b015e0ba1.jpg&w=256&q=75"
        srcset="/_next/image?url=https%3A%2F%2Fres.cloudinary.com%2Fdnhsdenji%2Fimage%2Fupload%2Fv1695300319%2Fthumbnail_07_6b015e0ba1.jpg&w=128&q=75 1x, /_next/image?url=https%3A%2F%2Fres.cloudinary.com%2Fdnhsdenji%2Fimage%2Fupload%2Fv1695300319%2Fthumbnail_07_6b015e0ba1.jpg&w=256&q=75 2x"
        style="color: transparent;"
        width="110"
      />
      <img
        alt="thumbnail_08.jpg"
        data-nimg="1"
        decoding="async"
        height="156"
        loading="lazy"
        src="/_next/image?url=https%3A%2F%2Fres.cloudinary.com%2Fdnhsdenji%2Fimage%2Fupload%2Fv1695300319%2Fthumbnail_08_b2ba5cbee0.jpg&w=256&q=75"
        srcset="/_next/image?url=https%3A%2F%2Fres.cloudinary.com%2Fdnhsdenji%2Fimage%2Fupload%2Fv1695300319%2Fthumbnail_08_b2ba5cbee0.jpg&w=128&q=75 1x, /_next/image?url=https%3A%2F%2Fres.cloudinary.com%2Fdnhsdenji%2Fimage%2Fupload%2Fv1695300319%2Fthumbnail_08_b2ba5cbee0.jpg&w=256&q=75 2x"
        style="color: transparent;"
        width="109"
      />
      <img
        alt="thumbnail_02.jpg"
        data-nimg="1"
        decoding="async"
        height="156"
        loading="lazy"
        src="/_next/image?url=https%3A%2F%2Fres.cloudinary.com%2Fdnhsdenji%2Fimage%2Fupload%2Fv1695300319%2Fthumbnail_02_4251096478.jpg&w=256&q=75"
        srcset="/_next/image?url=https%3A%2F%2Fres.cloudinary.com%2Fdnhsdenji%2Fimage%2Fupload%2Fv1695300319%2Fthumbnail_02_4251096478.jpg&w=128&q=75 1x, /_next/image?url=https%3A%2F%2Fres.cloudinary.com%2Fdnhsdenji%2Fimage%2Fupload%2Fv1695300319%2Fthumbnail_02_4251096478.jpg&w=256&q=75 2x"
        style="color: transparent;"
        width="108"
      />
      <img
        alt="thumbnail_01.jpg"
        data-nimg="1"
        decoding="async"
        height="156"
        loading="lazy"
        src="/_next/image?url=https%3A%2F%2Fres.cloudinary.com%2Fdnhsdenji%2Fimage%2Fupload%2Fv1695300319%2Fthumbnail_01_72125a8f3c.jpg&w=256&q=75"
        srcset="/_next/image?url=https%3A%2F%2Fres.cloudinary.com%2Fdnhsdenji%2Fimage%2Fupload%2Fv1695300319%2Fthumbnail_01_72125a8f3c.jpg&w=128&q=75 1x, /_next/image?url=https%3A%2F%2Fres.cloudinary.com%2Fdnhsdenji%2Fimage%2Fupload%2Fv1695300319%2Fthumbnail_01_72125a8f3c.jpg&w=256&q=75 2x"
        style="color: transparent;"
        width="115"
      />
    </div>
  </div>
</div>
`;
