// Jest Snapshot v1, https://goo.gl/fbAQLP

exports[`<Post /> should render a snapshot 1`] = `
.c6 a {
  font-weight: 600;
  transition: all 200ms ease-in-out;
  margin-right: 1rem;
}

.c6 a:hover {
  filter: brightness(1.4);
}

.c6 a::before {
  content: '#';
}

.c6 a:not(:last-of-type)::after {
  content: ',';
}

.c4 {
  text-transform: none;
}

.c8 {
  display: flex;
  align-content: center;
  gap: 1rem;
}

.c8 svg {
  width: 2rem;
}

.c9 {
  display: flex;
  align-items: end;
  font-weight: 600;
}

.c1 {
  width: 100%;
  max-width: 134rem;
  margin: auto;
  display: flex;
  align-items: center;
  flex-direction: column;
  gap: 4rem;
  padding: 0 2rem;
}

.c1>span>a {
  font-weight: bold;
  transition: all 200ms ease-in-out;
  margin-left: 1rem;
}

.c1>span>a:hover {
  text-decoration: underline;
}

.c1 .c3 {
  width: 100%;
  max-width: 80rem;
  text-align: center;
}

.c2 {
  position: relative;
  width: 100%;
  height: 50rem;
  border-radius: 1rem;
  overflow: hidden;
}

.c2 img {
  width: 100%;
  height: 100%;
  object-fit: cover;
}

.c5 {
  width: 100%;
  max-width: 80rem;
  display: flex;
  align-items: center;
  justify-content: space-between;
}

.c7 {
  display: flex;
  align-items: end;
  justify-content: center;
  gap: 3rem;
}

.c17 a {
  width: max-content;
  display: flex;
  align-items: center;
  justify-content: center;
  background-color: #383fef;
  color: #f5f5f5;
  font-weight: bold;
  padding: 1rem 3rem;
  transition: all 200ms ease-in-out;
}

.c17 a:hover {
  background-color: #232ae1;
  padding-right: 2.5rem;
}

.c17 a:hover svg {
  margin-left: 1rem;
}

.c17 a:active {
  background-color: #00046c;
}

.c17 svg {
  width: 2rem;
  margin-left: 0.5rem;
  transition: all 200ms ease-in-out;
}

.c13 {
  width: 100%;
  max-width: 80rem;
  display: flex;
  align-items: center;
  margin: 4rem auto;
}

.c14 {
  position: relative;
  width: 22rem;
  height: 17rem;
  border-radius: 1rem;
  overflow: hidden;
  margin-right: 2rem;
}

.c14 img {
  object-fit: cover;
}

.c15 {
  width: 100%;
}

.c16 {
  margin: 1rem 0;
  overflow: hidden;
  display: -webkit-box;
  -webkit-box-orient: vertical;
  -webkit-line-clamp: 3;
}

.c10 code[class*="language-"],
.c10 pre[class*="language-"] {
  color: #f8f8f2;
  background: none;
  text-shadow: 0 1px rgba(0, 0, 0, 0.3);
  font-family: Consolas,Monaco,'Andale Mono','Ubuntu Mono',monospace;
  text-align: left;
  white-space: pre;
  word-spacing: normal;
  word-break: normal;
  word-wrap: normal;
  line-height: 1.5;
  -moz-tab-size: 4;
  -o-tab-size: 4;
  tab-size: 4;
  -webkit-hyphens: none;
  -moz-hyphens: none;
  -ms-hyphens: none;
  hyphens: none;
}

.c10 pre[class*="language-"] {
  padding: 1em;
  margin: .5em 0;
  overflow: auto;
  border-radius: 0.3em;
}

.c10 :not(pre)>code[class*="language-"],
.c10 pre[class*="language-"] {
  background: #282a36;
}

.c10 :not(pre)>code[class*="language-"] {
  padding: .1em;
  border-radius: .3em;
  white-space: normal;
}

.c10 .token.comment,
.c10 .token.prolog,
.c10 .token.doctype,
.c10 .token.cdata {
  color: #6272a4;
}

.c10 .token.punctuation {
  color: #f8f8f2;
}

.c10 .namespace {
  opacity: .7;
}

.c10 .token.property,
.c10 .token.tag,
.c10 .token.constant,
.c10 .token.symbol,
.c10 .token.deleted {
  color: #ff79c6;
}

.c10 .token.boolean,
.c10 .token.number {
  color: #bd93f9;
}

.c10 .token.selector,
.c10 .token.attr-name,
.c10 .token.string,
.c10 .token.char,
.c10 .token.builtin,
.c10 .token.inserted {
  color: #50fa7b;
}

.c10 .token.operator,
.c10 .token.entity,
.c10 .token.url,
.c10 .language-css .token.string,
.c10 .style .token.string,
.c10 .token.variable {
  color: #f8f8f2;
}

.c10 .token.atrule,
.c10 .token.attr-value,
.c10 .token.function,
.c10 .token.class-name {
  color: #f1fa8c;
}

.c10 .token.keyword {
  color: #8be9fd;
}

.c10 .token.regex,
.c10 .token.important {
  color: #ffb86c;
}

.c10 .token.important,
.c10 .token.bold {
  font-weight: bold;
}

.c10 .token.italic {
  font-style: italic;
}

.c10 .token.entity {
  cursor: help;
}

.c11 {
  width: 100%;
  max-width: 80rem;
  margin: 0 auto;
  padding: 2rem 0;
}

.c11 a {
  font-weight: bold;
  transition: all 200ms ease-in-out;
}

.c11 a:hover {
  text-decoration: underline;
}

.c11 a:visited {
  color: #3b82f6;
}

.c11 h2,
.c11 h3,
.c11 h4,
.c11 h5,
.c11 h6,
.c11 p {
  margin: 2rem 0;
}

.c11 img {
  max-width: 100%;
}

.c11 pre {
  border-radius: 0.5rem;
}

.c11 .image {
  background: #020415;
  line-height: 0;
  margin: 2rem 0;
}

.c11 .image figcaption {
  font-size: 1.4rem;
  color: #ffffff;
  padding: 0.5rem;
  text-align: center;
  line-height: 1.3;
}

.c11 .image-style-side {
  max-width: 50%;
  float: none;
  margin: 2rem;
}

.c11 ul,
.c11 ol {
  margin: 2rem 3rem;
}

.c11 blockquote {
  border-left: 0.5rem solid;
  font-style: italic;
  padding-left: 2rem;
  margin: 2rem 0;
}

.c18 {
  width: 100%;
  max-width: 80rem;
  margin: 0 auto;
}

.c18 iframe {
  color: #020415;
}

.c12 {
  width: 100%;
  max-width: 80rem;
  margin: 0 auto;
}

.c12 span {
  font-style: italic;
  margin-right: 1rem;
}

.c12 a {
  font-weight: 600;
  transition: all 200ms ease-in-out;
  margin-right: 1rem;
}

.c12 a:hover {
  filter: invert(.3);
}

.c12 a::before {
  content: '#';
}

.c12 a:not(:last-of-type)::after {
  content: ',';
}

.c0 {
  padding: 0 2rem;
}

@media screen and (max-width: 768px) {
  .c2 {
    height: 40rem;
  }
}

@media screen and (max-width: 576px) {
  .c2 {
    height: 30rem;
  }
}

@media screen and (max-width: 576px) {
  .c5 {
    flex-direction: column;
  }
}

@media screen and (max-width: 576px) {
  .c13 {
    flex-direction: column;
    width: 30rem;
  }
}

@media screen and (max-width: 576px) {
  .c14 {
    width: 15rem;
    margin-bottom: 3rem;
  }
}

@media screen and (max-width: 576px) {
  .c15 {
    display: flex;
    flex-direction: column;
    align-items: center;
    justify-content: center;
  }
}

@media screen and (min-width: 576px) {
  .c11 .image-style-side {
    float: right;
    max-width: 100%;
  }
}

<div>
  <article
    class="c0"
  >
    <div
      class="c1"
    >
      <div
        class="c2"
      >
        <img
          alt="medium_pexels-lina-kivaka-14557287.jpg"
          data-nimg="fill"
          decoding="async"
          fetchpriority="high"
          sizes="100vw"
          src="/_next/image?url=https%3A%2F%2Fres.cloudinary.com%2Fdnhsdenji%2Fimage%2Fupload%2Fv1694225572%2Fmedium_pexels_lina_kivaka_14557287_039aa5b29b.jpg&w=3840&q=75"
          srcset="/_next/image?url=https%3A%2F%2Fres.cloudinary.com%2Fdnhsdenji%2Fimage%2Fupload%2Fv1694225572%2Fmedium_pexels_lina_kivaka_14557287_039aa5b29b.jpg&w=640&q=75 640w, /_next/image?url=https%3A%2F%2Fres.cloudinary.com%2Fdnhsdenji%2Fimage%2Fupload%2Fv1694225572%2Fmedium_pexels_lina_kivaka_14557287_039aa5b29b.jpg&w=750&q=75 750w, /_next/image?url=https%3A%2F%2Fres.cloudinary.com%2Fdnhsdenji%2Fimage%2Fupload%2Fv1694225572%2Fmedium_pexels_lina_kivaka_14557287_039aa5b29b.jpg&w=828&q=75 828w, /_next/image?url=https%3A%2F%2Fres.cloudinary.com%2Fdnhsdenji%2Fimage%2Fupload%2Fv1694225572%2Fmedium_pexels_lina_kivaka_14557287_039aa5b29b.jpg&w=1080&q=75 1080w, /_next/image?url=https%3A%2F%2Fres.cloudinary.com%2Fdnhsdenji%2Fimage%2Fupload%2Fv1694225572%2Fmedium_pexels_lina_kivaka_14557287_039aa5b29b.jpg&w=1200&q=75 1200w, /_next/image?url=https%3A%2F%2Fres.cloudinary.com%2Fdnhsdenji%2Fimage%2Fupload%2Fv1694225572%2Fmedium_pexels_lina_kivaka_14557287_039aa5b29b.jpg&w=1920&q=75 1920w, /_next/image?url=https%3A%2F%2Fres.cloudinary.com%2Fdnhsdenji%2Fimage%2Fupload%2Fv1694225572%2Fmedium_pexels_lina_kivaka_14557287_039aa5b29b.jpg&w=2048&q=75 2048w, /_next/image?url=https%3A%2F%2Fres.cloudinary.com%2Fdnhsdenji%2Fimage%2Fupload%2Fv1694225572%2Fmedium_pexels_lina_kivaka_14557287_039aa5b29b.jpg&w=3840&q=75 3840w"
          style="position: absolute; height: 100%; width: 100%; left: 0px; top: 0px; right: 0px; bottom: 0px; color: transparent;"
        />
      </div>
      <span>
        Fonte:
        <a
          href="https://unsplash.com/pt-br"
          target="_blank"
        >
          Unsplash
        </a>
      </span>
      <h1
        class="c3 c4"
      >
        Desenvolvimento de APIs e CMS Flex√≠veis e Eficient
      </h1>
      <div
        class="c5"
      >
        <div
          class="c6"
        >
          <a
            href="/category/strapi"
            style="color: rgb(30, 58, 138);"
          >
            Strapi
          </a>
          <a
            href="/category/node"
            style="color: rgb(16, 185, 129);"
          >
            Node
          </a>
        </div>
        <div
          class="c7"
        >
          8 de set. de 2023
          <div
            class="c8"
          >
            <span
              class="c9"
            >
              <svg
                class="icon icon-tabler icon-tabler-clock-filled"
                fill="none"
                stroke="currentColor"
                stroke-linecap="round"
                stroke-linejoin="round"
                stroke-width="1.5"
                viewBox="0 0 24 24"
                xmlns="http://www.w3.org/2000/svg"
              >
                <path
                  d="M0 0h24v24H0z"
                  fill="none"
                  stroke="none"
                />
                <path
                  d="M17 3.34a10 10 0 1 1 -14.995 8.984l-.005 -.324l.005 -.324a10 10 0 0 1 14.995 -8.336zm-5 2.66a1 1 0 0 0 -.993 .883l-.007 .117v5l.009 .131a1 1 0 0 0 .197 .477l.087 .1l3 3l.094 .082a1 1 0 0 0 1.226 0l.094 -.083l.083 -.094a1 1 0 0 0 0 -1.226l-.083 -.094l-2.707 -2.708v-4.585l-.007 -.117a1 1 0 0 0 -.993 -.883z"
                  fill="currentColor"
                  stroke-width="0"
                />
              </svg>
            </span>
            <span
              class="c9"
            >
              3 minutos de leitura
            </span>
          </div>
        </div>
      </div>
    </div>
    <div
      class="c10"
    >
      <div
        class="c11"
      >
        <p>
          No mundo moderno de desenvolvimento de aplicativos e websites, a flexibilidade e efici√™ncia na gest√£o de conte√∫do e APIs s√£o essenciais. √â a√≠ que entra o Strapi, uma plataforma de c√≥digo aberto que tem ganhado destaque na comunidade de desenvolvedores. Neste post, exploraremos o Strapi em profundidade, discutindo seus recursos, conceitos fundamentais e fornecendo exemplos pr√°ticos para mostrar como voc√™ pode criar APIs e sistemas de gerenciamento de conte√∫do de forma eficiente.
        </p>
        <h2>
          O que √© o Strapi?
        </h2>
        <p>
          <br />
          Strapi √© um sistema de gerenciamento de conte√∫do (CMS) e framework de desenvolvimento de APIs de c√≥digo aberto. Ele oferece uma interface amig√°vel para criar e gerenciar conte√∫do, al√©m de permitir que os desenvolvedores criem APIs personalizadas para suas aplica√ß√µes.
        </p>
        <h2>
          Principais Conceitos do Strapi:
        </h2>
        <p>
          1. 
          <strong>
            Cole√ß√µes e Tipos de Conte√∫do:
          </strong>
           No Strapi, voc√™ define a estrutura do seu conte√∫do atrav√©s de cole√ß√µes e tipos de conte√∫do. Por exemplo, voc√™ pode criar uma cole√ß√£o "Artigos" com campos como t√≠tulo, autor e conte√∫do.
        </p>
        <p>
          2. 
          <strong>
            Campos Relacionados:
          </strong>
           √â poss√≠vel criar relacionamentos entre cole√ß√µes, o que permite construir estruturas de dados complexas. Por exemplo, um artigo pode estar relacionado a uma categoria ou a um autor.
        </p>
        <p>
          3. 
          <strong>
            Roles e Permiss√µes:
          </strong>
           O Strapi oferece um sistema de gerenciamento de permiss√µes robusto, onde voc√™ pode definir pap√©is (roles) e determinar quais a√ß√µes s√£o permitidas para cada usu√°rio ou grupo.
        </p>
        <p>
          4. 
          <strong>
            Plugins e Extensibilidade:
          </strong>
           O Strapi √© altamente extens√≠vel e permite a cria√ß√£o de plugins para estender sua funcionalidade. Voc√™ pode criar plugins personalizados ou usar os dispon√≠veis na comunidade.
        </p>
        <h2>
          Recursos e Vantagens do Strapi:
        </h2>
        <ul>
          <li>
            <strong>
              C√≥digo Aberto:
            </strong>
             O Strapi √© totalmente de c√≥digo aberto, o que significa que voc√™ tem controle total sobre seu projeto e n√£o fica restrito por licen√ßas.
          </li>
          <li>
            <strong>
              Flexibilidade:
            </strong>
             O Strapi oferece uma grande flexibilidade na cria√ß√£o e personaliza√ß√£o de tipos de conte√∫do, tornando-o adequado para uma ampla gama de aplica√ß√µes.
          </li>
          <li>
            <strong>
              Interface Amig√°vel:
            </strong>
             A interface de administra√ß√£o do Strapi √© amig√°vel e f√°cil de usar, permitindo que n√£o desenvolvedores gerenciem conte√∫do de forma eficiente.
          </li>
          <li>
            <strong>
              Autentica√ß√£o Integrada:
            </strong>
             O Strapi inclui autentica√ß√£o integrada, o que facilita a implementa√ß√£o de sistemas de registro e login.
          </li>
          <li>
            <strong>
              Seguran√ßa:
            </strong>
             O Strapi oferece recursos de seguran√ßa, como prote√ß√£o contra inje√ß√£o de SQL e autentica√ß√£o JWT (JSON Web Tokens).
          </li>
        </ul>
        <h2>
          Exemplos de Uso do Strapi:
        </h2>
        <ol
          style="list-style-type:decimal-leading-zero;"
        >
          <li>
            <strong>
              Blog Pessoal com API:
            </strong>
             Use o Strapi para criar um blog pessoal e uma API para fornecer conte√∫do para um aplicativo frontend.
          </li>
          <li>
            <strong>
              Sistema de Gerenciamento de Conte√∫do:
            </strong>
             Desenvolva um sistema de gerenciamento de conte√∫do flex√≠vel para um site que precise de atualiza√ß√µes frequentes.
          </li>
          <li>
            <strong>
              E-commerce:
            </strong>
             Crie um sistema de backend para um site de com√©rcio eletr√¥nico, gerenciando produtos, pedidos e categorias.
          </li>
          <li>
            <strong>
              Aplicativos M√≥veis:
            </strong>
             Use o Strapi para criar uma API para aplicativos m√≥veis, fornecendo dados din√¢micos e atualizados em tempo real.
          </li>
        </ol>
        <h2>
          Exemplo de C√≥digo Strapi:
        </h2>
        <p>
          Aqui est√° um exemplo simples de como definir uma cole√ß√£o "Artigo" com o Strapi:
        </p>
        <pre
          class="language-typescript"
          tabindex="0"
        >
          <code
            class="language-typescript"
          >
            
// Em configura√ß√µes do Strapi, defina um novo tipo de conte√∫do chamado "Artigo"
module.exports = {
 definition: {
   nome: "string",
   autor: {
     model: "autor",
   },
   conteudo: "text",
 },
};

          </code>
        </pre>
        <h2>
          Conclus√£o:
          <br />
          ¬†
        </h2>
        <p>
          O Strapi √© uma ferramenta poderosa para o desenvolvimento de APIs e sistemas de gerenciamento de conte√∫do. Sua flexibilidade, extensibilidade e interface amig√°vel o tornam uma escolha excelente para uma variedade de projetos, desde blogs pessoais at√© aplica√ß√µes empresariais complexas. Se voc√™ busca uma solu√ß√£o de c√≥digo aberto para seus projetos de desenvolvimento web, o Strapi √© definitivamente uma op√ß√£o a ser considerada. Continue explorando e experimentando com o Strapi para aproveitar ao m√°ximo seus recursos.
        </p>
      </div>
    </div>
    <div
      class="c12"
    >
      <span>
        Tags: 
      </span>
      <a
        href="/tag/api"
      >
        Api
      </a>
      <a
        href="/tag/backend"
      >
        Backend
      </a>
    </div>
    <div
      class="c13"
    >
      <div
        class="c14"
      >
        <img
          alt="Evandro Calado"
          data-nimg="fill"
          decoding="async"
          loading="lazy"
          sizes="(max-width: 768px) 100vw, (max-width: 1200px) 50vw, 33vw"
          src="/_next/image?url=https%3A%2F%2Fres.cloudinary.com%2Fdnhsdenji%2Fimage%2Fupload%2Fv1694217416%2Fthumbnail_110628201_8f98b88d6a.jpg&w=3840&q=75"
          srcset="/_next/image?url=https%3A%2F%2Fres.cloudinary.com%2Fdnhsdenji%2Fimage%2Fupload%2Fv1694217416%2Fthumbnail_110628201_8f98b88d6a.jpg&w=256&q=75 256w, /_next/image?url=https%3A%2F%2Fres.cloudinary.com%2Fdnhsdenji%2Fimage%2Fupload%2Fv1694217416%2Fthumbnail_110628201_8f98b88d6a.jpg&w=384&q=75 384w, /_next/image?url=https%3A%2F%2Fres.cloudinary.com%2Fdnhsdenji%2Fimage%2Fupload%2Fv1694217416%2Fthumbnail_110628201_8f98b88d6a.jpg&w=640&q=75 640w, /_next/image?url=https%3A%2F%2Fres.cloudinary.com%2Fdnhsdenji%2Fimage%2Fupload%2Fv1694217416%2Fthumbnail_110628201_8f98b88d6a.jpg&w=750&q=75 750w, /_next/image?url=https%3A%2F%2Fres.cloudinary.com%2Fdnhsdenji%2Fimage%2Fupload%2Fv1694217416%2Fthumbnail_110628201_8f98b88d6a.jpg&w=828&q=75 828w, /_next/image?url=https%3A%2F%2Fres.cloudinary.com%2Fdnhsdenji%2Fimage%2Fupload%2Fv1694217416%2Fthumbnail_110628201_8f98b88d6a.jpg&w=1080&q=75 1080w, /_next/image?url=https%3A%2F%2Fres.cloudinary.com%2Fdnhsdenji%2Fimage%2Fupload%2Fv1694217416%2Fthumbnail_110628201_8f98b88d6a.jpg&w=1200&q=75 1200w, /_next/image?url=https%3A%2F%2Fres.cloudinary.com%2Fdnhsdenji%2Fimage%2Fupload%2Fv1694217416%2Fthumbnail_110628201_8f98b88d6a.jpg&w=1920&q=75 1920w, /_next/image?url=https%3A%2F%2Fres.cloudinary.com%2Fdnhsdenji%2Fimage%2Fupload%2Fv1694217416%2Fthumbnail_110628201_8f98b88d6a.jpg&w=2048&q=75 2048w, /_next/image?url=https%3A%2F%2Fres.cloudinary.com%2Fdnhsdenji%2Fimage%2Fupload%2Fv1694217416%2Fthumbnail_110628201_8f98b88d6a.jpg&w=3840&q=75 3840w"
          style="position: absolute; height: 100%; width: 100%; left: 0px; top: 0px; right: 0px; bottom: 0px; color: transparent;"
        />
      </div>
      <div
        class="c15"
      >
        <h2
          class="c3 c4"
        >
          Evandro Calado
        </h2>
        <p
          class="c16"
        >
          üöÄ Desenvolvedor Frontend em constante busca por novos horizontes e desafios digitais. Meu dia a dia √© uma jornada empolgante de aprendizado cont√≠nuo, onde o c√≥digo √© a minha tela em branco e a web √© o meu playground criativo. Al√©m de mergulhar nas linhas de c√≥digo, sou aben√ßoado por ser pai de uma menininha incr√≠vel, que me inspira a ser o meu melhor a cada dia. E quando n√£o estou transformando ideias em experi√™ncias digitais, voc√™ pode me encontrar dando vida a ilustra√ß√µes e rabiscos. Vem comigo nesta aventura em busca da excel√™ncia na cria√ß√£o digital !  ‚ú®üë®‚Äçüíªüë®‚Äçüé®
        </p>
        <div
          class="c17"
        >
          <a
            href="/author/evandro-calado"
          >
            ver perfil
             
            <svg
              class="icon icon-tabler icon-tabler-arrow-right"
              fill="none"
              stroke="currentColor"
              stroke-linecap="round"
              stroke-linejoin="round"
              stroke-width="1"
              viewBox="0 0 24 24"
              xmlns="http://www.w3.org/2000/svg"
            >
              <path
                d="M0 0h24v24H0z"
                fill="none"
                stroke="none"
              />
              <path
                d="M5 12l14 0"
              />
              <path
                d="M13 18l6 -6"
              />
              <path
                d="M13 6l6 6"
              />
            </svg>
          </a>
        </div>
      </div>
    </div>
    <div
      class="c18"
    >
      <div
        id="disqus_thread"
      />
    </div>
  </article>
</div>
`;
