// Jest Snapshot v1, https://goo.gl/fbAQLP

exports[`<Footer /> should render a snapshot 1`] = `
.c0 {
  display: flex;
  align-items: center;
  justify-content: center;
  flex-direction: column;
  text-transform: uppercase;
  background-color: #383fef;
  padding: 2rem 3rem;
  color: #f5f5f5;
}

.c1 {
  width: 100%;
  max-width: 120rem;
  margin: 0 auto;
  display: flex;
  align-items: center;
  justify-content: center;
  gap: 2rem;
  border-bottom: 1px solid #f5f5f5;
  margin-bottom: 2rem;
}

.c1 a {
  transition: all 200ms ease-in-out;
}

.c1 a:hover {
  color: #020415;
}

.c1 a svg {
  width: 4rem;
}

.c2 {
  width: 100%;
  max-width: 120rem;
  margin: 0 auto;
  display: flex;
  align-items: center;
  justify-content: space-between;
}

@media (max-width: 576px) {
  .c2 {
    flex-direction: column;
    text-align: center;
  }
}

<div>
  <footer
    class="c0"
  >
    <div
      class="c1"
    >
      <a
        data-testid="github"
        href="https://github.com/EvandroCalado"
        target="_blank"
      >
        <svg
          class="icon icon-tabler icon-tabler-brand-github"
          fill="none"
          stroke="currentColor"
          stroke-linecap="round"
          stroke-linejoin="round"
          stroke-width="{1}"
          viewBox="0 0 24 24"
          xmlns="http://www.w3.org/2000/svg"
        >
          <path
            d="M0 0h24v24H0z"
            fill="none"
            stroke="none"
          />
          <path
            d="M9 19c-4.3 1.4 -4.3 -2.5 -6 -3m12 5v-3.5c0 -1 .1 -1.4 -.5 -2c2.8 -.3 5.5 -1.4 5.5 -6a4.6 4.6 0 0 0 -1.3 -3.2a4.2 4.2 0 0 0 -.1 -3.2s-1.1 -.3 -3.5 1.3a12.3 12.3 0 0 0 -6.2 0c-2.4 -1.6 -3.5 -1.3 -3.5 -1.3a4.2 4.2 0 0 0 -.1 3.2a4.6 4.6 0 0 0 -1.3 3.2c0 4.6 2.7 5.7 5.5 6c-.6 .6 -.6 1.2 -.5 2v3.5"
          />
        </svg>
      </a>
      <a
        data-testid="linkedin"
        href="https://www.linkedin.com/in/evandro-calado"
        target="_blank"
      >
        <svg
          class="icon icon-tabler icon-tabler-brand-linkedin"
          fill="none"
          stroke="currentColor"
          stroke-linecap="round"
          stroke-linejoin="round"
          stroke-width="{1}"
          viewBox="0 0 24 24"
          xmlns="http://www.w3.org/2000/svg"
        >
          <path
            d="M0 0h24v24H0z"
            fill="none"
            stroke="none"
          />
          <path
            d="M4 4m0 2a2 2 0 0 1 2 -2h12a2 2 0 0 1 2 2v12a2 2 0 0 1 -2 2h-12a2 2 0 0 1 -2 -2z"
          />
          <path
            d="M8 11l0 5"
          />
          <path
            d="M8 8l0 .01"
          />
          <path
            d="M12 16l0 -5"
          />
          <path
            d="M16 16v-3a2 2 0 0 0 -4 0"
          />
        </svg>
      </a>
      <a
        data-testid="instagram"
        href="https://www.instagram.com/dev_evandro"
        target="_blank"
      >
        <svg
          class="icon icon-tabler icon-tabler-brand-instagram"
          fill="none"
          stroke="currentColor"
          stroke-linecap="round"
          stroke-linejoin="round"
          stroke-width="{1}"
          viewBox="0 0 24 24"
          xmlns="http://www.w3.org/2000/svg"
        >
          <path
            d="M0 0h24v24H0z"
            fill="none"
            stroke="none"
          />
          <path
            d="M4 4m0 4a4 4 0 0 1 4 -4h8a4 4 0 0 1 4 4v8a4 4 0 0 1 -4 4h-8a4 4 0 0 1 -4 -4z"
          />
          <path
            d="M12 12m-3 0a3 3 0 1 0 6 0a3 3 0 1 0 -6 0"
          />
          <path
            d="M16.5 7.5l0 .01"
          />
        </svg>
      </a>
    </div>
    <div
      class="c2"
    >
      <span>
        Evandro Calado
      </span>
      <span>
        Â© 
        2023
         - Todos os direitos reservados
      </span>
    </div>
  </footer>
</div>
`;
