// Jest Snapshot v1, https://goo.gl/fbAQLP

exports[`<logo /> should render a snapshot 1`] = `
.c0 {
  display: flex;
  align-items: center;
  justify-content: center;
}

.c1 {
  text-transform: uppercase;
  letter-spacing: 0.7rem;
  font-weight: 400;
}

<div>
  <div
    class="c0"
  >
    <h1
      class="c1"
    >
      Evandro Calado
    </h1>
  </div>
</div>
`;
