// Jest Snapshot v1, https://goo.gl/fbAQLP

exports[`<Heading /> should render a snapshot 1`] = `
.c0 {
  text-transform: none;
}

<div>
  <h2
    class="c0"
  >
    test
  </h2>
</div>
`;
