// Jest Snapshot v1, https://goo.gl/fbAQLP

exports[`<LinkButton /> should render a snapshot 1`] = `
.c0 a {
  width: max-content;
  display: flex;
  align-items: center;
  justify-content: center;
  background-color: #383fef;
  color: #f5f5f5;
  font-weight: bold;
  padding: 1rem 3rem;
  transition: all 200ms ease-in-out;
}

.c0 a:hover {
  background-color: #232ae1;
  padding-right: 2.5rem;
}

.c0 a:hover svg {
  margin-left: 1rem;
}

.c0 a:active {
  background-color: #00046c;
}

.c0 svg {
  width: 2rem;
  margin-left: 0.5rem;
  transition: all 200ms ease-in-out;
}

<div>
  <div
    class="c0"
  >
    <a
      href="/"
    >
      test
       
      <svg
        class="icon icon-tabler icon-tabler-arrow-right"
        fill="none"
        stroke="currentColor"
        stroke-linecap="round"
        stroke-linejoin="round"
        stroke-width="1"
        viewBox="0 0 24 24"
        xmlns="http://www.w3.org/2000/svg"
      >
        <path
          d="M0 0h24v24H0z"
          fill="none"
          stroke="none"
        />
        <path
          d="M5 12l14 0"
        />
        <path
          d="M13 18l6 -6"
        />
        <path
          d="M13 6l6 6"
        />
      </svg>
    </a>
  </div>
</div>
`;
